// Jest Snapshot v1, https://goo.gl/fbAQLP

exports[`renders correctly 1`] = `
<div>
  <div
    class="group flex flex-col data-[hidden=true]:hidden w-full min-h-[40px]"
    data-filled="true"
    data-filled-within="true"
    data-slot="base"
  >
    <div
      class="relative w-full inline-flex tap-highlight-transparent flex-row items-center shadow-sm px-3 gap-3 border-medium border-default-200 data-[hover=true]:border-default-400 group-data-[focus=true]:border-default-foreground h-10 min-h-10 rounded-large !h-auto transition-background !duration-150 transition-colors motion-reduce:transition-none py-2"
      data-slot="input-wrapper"
      style="cursor: text;"
    >
      <div
        class="inline-flex w-full h-full box-border items-start group-data-[has-label=true]:items-start"
        data-slot="inner-wrapper"
      >
        <textarea
          aria-label="Prompt"
          class="w-full font-normal bg-transparent !outline-none placeholder:text-foreground-500 focus-visible:outline-none data-[has-start-content=true]:ps-1.5 data-[has-end-content=true]:pe-1.5 file:cursor-pointer file:bg-transparent file:border-0 autofill:bg-transparent bg-clip-text text-small resize-none data-[hide-scroll=true]:scrollbar-hide transition-height !duration-100 motion-reduce:transition-none py-0 pe-0"
          data-hide-scroll="true"
          data-slot="input"
          id="react-aria-:r0:"
          placeholder="Enter a prompt here"
          title=""
        />
      </div>
    </div>
  </div>
</div>
`;
