// Jest Snapshot v1, https://goo.gl/fbAQLP

exports[`VoiceChatButton renders correctly 1`] = `
<div>
  <button
    class="z-0 group relative inline-flex items-center justify-center box-border appearance-none select-none whitespace-nowrap font-normal subpixel-antialiased overflow-hidden tap-highlight-transparent data-[pressed=true]:scale-[0.97] outline-none data-[focus-visible=true]:z-10 data-[focus-visible=true]:outline-2 data-[focus-visible=true]:outline-focus data-[focus-visible=true]:outline-offset-2 px-3 min-w-16 h-8 text-tiny gap-2 rounded-small [&>svg]:max-w-[theme(spacing.8)] transition-transform-colors-opacity motion-reduce:transition-none bg-default/40 text-default-700 data-[hover=true]:opacity-hover"
    data-testid="voice-chat-button"
    type="button"
  >
    <span />
    Talk to Ask
  </button>
</div>
`;
